10 12 14 16 18 20 22 24

23 23 23 23 23 10 29 27

30 28 37 37 37 37 37 37
